// Jest Snapshot v1, https://goo.gl/fbAQLP

exports[`renders without crashing 1`] = `
<div
  className="container"
>
  <Connect(AppHeader) />
  <Switch>
    <Connect(withRouter(Route))
      component={[Function]}
      exact={true}
      path="/"
    />
    <Connect(withRouter(Route))
      component={[Function]}
      exact={true}
      path="/accept-invitation"
    />
  </Switch>
</div>
`;
